[phongskitchen.weebly.com/index.html]
[backblue.gif]
[fade.gif]
[index.html]
[phongskitchen.weebly.com/uploads/1/4/4/6/144678996/img-0576_orig.jpg]
[phongskitchen.weebly.com/uploads/1/4/4/6/144678996/img-4151_orig.jpg]
[phongskitchen.weebly.com/uploads/1/4/4/6/144678996/img-4628_orig.jpg]
[phongskitchen.weebly.com/uploads/1/4/4/6/144678996/ba446005-df4e-4cef-9fb3-c454effbdb2f_orig.jpg]
[phongskitchen.weebly.com/uploads/1/4/4/6/144678996/img-3948_orig.jpg]
[phongskitchen.weebly.com/uploads/1/4/4/6/144678996/img-2505_orig.jpg]
[phongskitchen.weebly.com/uploads/1/4/4/6/144678996/published/img-3978-1800f.jpg]
[phongskitchen.weebly.com/uploads/1/4/4/6/144678996/14b1e62e-2ac1-4f3f-98e1-b1557e10faaf_orig.jpg]
[phongskitchen.weebly.com/uploads/1/4/4/6/144678996/722489ec-30c8-4b60-b3ed-8022afdbc478_orig.jpg]
[phongskitchen.weebly.com/uploads/1/4/4/6/144678996/77dc0269-a117-4d34-94e0-43488b7d08c1_orig.jpg]
[cdn2.editmysite.com/css/sites33d5.css]
[cdn2.editmysite.com/css/old/fancyboxd097.css]
[cdn2.editmysite.com/css/social-iconsc877.css]
[phongskitchen.weebly.com/files/main_style99b1.css]
[cdn2.editmysite.com/fonts/Quattrocento_Sans/fontc81e.css]
[cdn2.editmysite.com/fonts/Quattrocento/fontc81e.css]
[cdn2.editmysite.com/fonts/Open_Sans/fontc81e.css]
[phongskitchen.weebly.com/files/templateArtifacts99b1.js]
[www.google.com/recaptcha/api.js]
[cdn2.editmysite.com/js/lang/en/stl1ea1.js]
[phongskitchen.weebly.com/viet-cookbook.html]
[phongskitchen.weebly.com/about.html]
[cdn2.editmysite.com/js/jquery-1.8.3.min.js]
[phongskitchen.weebly.com/uploads/1/4/4/6/144678996/76866b7c-cfe6-4f28-95d5-a6eafc328c12_orig.jpg]
[phongskitchen.weebly.com/uploads/1/4/4/6/144678996/88c708dd-9205-45df-8997-1d7423f35238_orig.jpg]
[phongskitchen.weebly.com/uploads/1/4/4/6/144678996/img-5413_orig.jpg]
[phongskitchen.weebly.com/uploads/1/4/4/6/144678996/7516e1a6-74ab-4028-b92e-a13f3801c1ac_orig.jpg]
[cdn2.editmysite.com/js/site/main33d5.js]
[phongskitchen.weebly.com/uploads/1/4/4/6/144678996/cd5551a7-56ca-41cf-a31f-b799502b860f_orig.jpg]
[phongskitchen.weebly.com/uploads/1/4/4/6/144678996/88c14e11-9414-4f58-81a5-7bc209c6537a_orig.jpg]
[phongskitchen.weebly.com/uploads/1/4/4/6/144678996/edited/a659d815-56e2-43ba-9062-4c1ae1f0fc366e4e.jpg]
[phongskitchen.weebly.com/uploads/1/4/4/6/144678996/img-4082_orig.jpg]
[phongskitchen.weebly.com/uploads/1/4/4/6/144678996/921ada88-17f2-47a7-b5b9-317cd259a974_orig.jpg]
[phongskitchen.weebly.com/uploads/1/4/4/6/144678996/b7f74925-278b-4dd9-bb0c-5c43ff9b5709_orig.jpg]
[phongskitchen.weebly.com/uploads/1/4/4/6/144678996/c239455e-5e6c-4f8b-962f-a1243dae9f31_orig.jpg]
[phongskitchen.weebly.com/uploads/1/4/4/6/144678996/e3d083d3-8889-4440-bcb0-7f1d6c907a57_orig.jpg]
[phongskitchen.weebly.com/uploads/1/4/4/6/144678996/img-4117_orig.jpg]
[phongskitchen.weebly.com/uploads/1/4/4/6/144678996/img-4191_orig.jpg]
[phongskitchen.weebly.com/uploads/1/4/4/6/144678996/img-5558_orig.jpg]
[phongskitchen.weebly.com/uploads/1/4/4/6/144678996/c85e5770-4614-4f0e-8836-02f8f54c2e9e_orig.jpg]
[phongskitchen.weebly.com/uploads/1/4/4/6/144678996/img-4544_orig.jpg]
[phongskitchen.weebly.com/uploads/1/4/4/6/144678996/1210f1e9-9b20-41e5-a1d2-418c6af9fc42_orig.jpg]
[phongskitchen.weebly.com/uploads/1/4/4/6/144678996/published/img-48927c8f.jpg]
[phongskitchen.weebly.com/uploads/1/4/4/6/144678996/published/img-2971dbc9.jpg]
[phongskitchen.weebly.com/uploads/1/4/4/6/144678996/2dfcd5b2-9b01-4c7c-83f1-9d23e4c9ef3e-1_orig.jpg]
[phongskitchen.weebly.com/uploads/1/4/4/6/144678996/5157eb11-edeb-4f03-90a3-87a7b7cfee6d_orig.jpg]
[cdn2.editmysite.com/images/site/footer/footer-toast-published-image-1.png]
[cdn2.editmysite.com/js/site/footerSignup33d5.js]
[phongskitchen.weebly.com/files/theme/plugins89df.js]
[phongskitchen.weebly.com/files/theme/custom89df.js]
[phongskitchen.weebly.com/index.html]
[cdn2.editmysite.com/images/util/videojs/white-bar.png]
[cdn2.editmysite.com/images/util/videojs/@2x/white-bar.png]
[cdn2.editmysite.com/images/util/videojs/gradient.png]
[cdn2.editmysite.com/images/util/videojs/@2x/gradient.png]
[cdn2.editmysite.com/sprites/util/videojs-sacae758aa2.png]
[cdn2.editmysite.com/sprites/util/videojs/@2x-s2aff7e7d9a.png]
[cdn2.editmysite.com/images/util/videojs/volume-filled.png]
[cdn2.editmysite.com/js/wsnbn/snowday262.js]
[cdn2.editmysite.com/images/util/videojs/@2x/volume-filled.png]
[cdn2.editmysite.com/images/util/videojs/volume-mute.png]
[cdn2.editmysite.com/images/util/videojs/@2x/volume-mute.png]
[cdn2.editmysite.com/images/util/videojs/blue-bar.png]
[cdn2.editmysite.com/images/util/videojs/@2x/blue-bar.png]
[cdn2.editmysite.com/images/util/videojs/maximize-icon.png]
[cdn2.editmysite.com/images/util/videojs/@2x/maximize-icon.png]
[cdn2.editmysite.com/images/util/videojs/minimize-icon.png]
[cdn2.editmysite.com/images/util/videojs/@2x/minimize-icon.png]
[cdn2.editmysite.com/images/util/videojs/play-icon.png]
[cdn2.editmysite.com/images/util/videojs/@2x/play-icon.png]
[cdn2.editmysite.com/images/util/videojs/sad-face.png]
[cdn2.editmysite.com/images/util/videojs/@2x/sad-face.png]
[cdn2.editmysite.com/images/util/videojs/loading-icon.png]
[cdn2.editmysite.com/images/util/videojs/@2x/loading-icon.png]
[cdn2.editmysite.com/images/common/buttons/small_grey.png]
[cdn2.editmysite.com/images/common/buttons/small_blue.png]
[cdn2.editmysite.com/images/old/button/large_grey.png]
[cdn2.editmysite.com/images/common/buttons/large_blue.png]
[cdn2.editmysite.com/images/common/search-light.png]
[cdn2.editmysite.com/images/common/social_icons.png]
[cdn2.editmysite.com/images/common/blog/blog-comment-button.png]
[cdn2.editmysite.com/images/common/blog/blog-comment-header.png]
[cdn2.editmysite.com/images/common/blog/blog-comment-pointer.png]
[cdn2.editmysite.com/images/common/blog/blog-comment-link.png]
[cdn2.editmysite.com/images/common/blog/blog-comment-header-author.png]
[cdn2.editmysite.com/images/common/blog/blog-comment-pointer-author.png]
[cdn2.editmysite.com/images/common/blog/blog-comment-field-bg.png]
[cdn2.editmysite.com/images/common/blog/dark-blog-comment-header.png]
[cdn2.editmysite.com/images/common/blog/dark-blog-comment-pointer.png]
[cdn2.editmysite.com/images/common/blog/dark-blog-comment-header-author.png]
[cdn2.editmysite.com/images/common/blog/dark-blog-comment-pointer-author.png]
[cdn2.editmysite.com/images/common/blog/dark-blog-comment-link.png]
[cdn2.editmysite.com/images/util/general/blank.gif]
[cdn2.editmysite.com/images/common/lightbox/prevlabel.gif]
[cdn2.editmysite.com/images/common/lightbox/nextlabel.gif]
[cdn2.editmysite.com/sprites/util/inputs/checkmarkBox-s7868418152.png]
[cdn2.editmysite.com/js/site/main-customer-accounts-site33d5.js]
[cdn2.editmysite.com/sprites/util/inputs/checkmarkBox/@2x-s211a47d318.png]
[cdn2.editmysite.com/images/util/inputs/search-input-bg.jpg]
[cdn2.editmysite.com/images/common/magnifying-glass.png]
[cdn2.editmysite.com/images/common/checkmarks/checkmark-mini.png]
[cdn2.editmysite.com/images/common/checkmarks/@2x/checkmark-mini.png]
[cdn2.editmysite.com/images/common/search-pagination-bg.png]
[cdn2.editmysite.com/images/util/general/top-triangle-000.png]
[cdn2.editmysite.com/images/util/general/bottom-triangle-000.png]
[cdn2.editmysite.com/images/util/general/top-triangle-000@2x.png]
[cdn2.editmysite.com/images/util/general/bottom-triangle-000@2x.png]
[cdn2.editmysite.com/sprites/common/social-icons-s5ea5500bdb.png]
[cdn2.editmysite.com/sprites/common/social-icons/@2x-s0ae7d70c70.png]
[cdn2.editmysite.com/sprites/site/mini-cart-s86c48effae.png]
[cdn2.editmysite.com/sprites/site/mini-cart/@2x-s576cbc3f90.png]
[cdn2.editmysite.com/images/loading.gif]
[cdn2.editmysite.com/sprites/site/mobile/commerce-sdf6d4e852c.png]
[cdn2.editmysite.com/sprites/site/mobile/commerce/@2x-s82f968c453.png]
[cdn2.editmysite.com/images/site/checkout/paypal.png]
[cdn2.editmysite.com/images/site/checkout/@2x/paypal.png]
[cdn2.editmysite.com/images/site/checkout/credit-cards.png]
[cdn2.editmysite.com/images/site/checkout/@2x/credit-cards.png]
[cdn2.editmysite.com/images/site/checkout/print.png]
[cdn2.editmysite.com/images/site/checkout/print@2x.png]
[cdn2.editmysite.com/images/vendor/select2/select2.png]
[cdn2.editmysite.com/images/vendor/select2/select2-spinner.gif]
[cdn2.editmysite.com/images/vendor/select2/select2x2.png]
[cdn2.editmysite.com/images/util/spinner/spinner-dark.png]
[cdn2.editmysite.com/images/util/spinner/spinner-light.png]
[cdn2.editmysite.com/images/util/loading-white-w24.gif]
[cdn2.editmysite.com/images/common/form_input_bg.gif]
[cdn2.editmysite.com/sprites/site/forms-s3786257308.png]
[cdn2.editmysite.com/sprites/site/forms/@2x-s47607b315a.png]
[cdn2.editmysite.com/images/blank.gif]
[cdn2.editmysite.com/images/old/photoswipe/loader.gif]
[cdn2.editmysite.com/images/old/photoswipe/error.gif]
[cdn2.editmysite.com/images/old/photoswipe/icons.png]
[cdn2.editmysite.com/images/old/photoswipe/icons@2x.png]
[cdn2.editmysite.com/css/sites33d5.css]
[cdn2.editmysite.com/images/old/fancybox/fancybox_sprite.png]
[cdn2.editmysite.com/images/old/fancybox/fancybox_loading.gif]
[cdn2.editmysite.com/images/old/fancybox/blank.gif]
[cdn2.editmysite.com/images/old/fancybox/fancybox_overlay.png]
[cdn2.editmysite.com/css/old/fancyboxd097.css]
[cdn2.editmysite.com/css/social-iconsc877.css]
[phongskitchen.weebly.com/files/theme/images/default-bg99b1.jpg]
[phongskitchen.weebly.com/files/theme/images/select-dropdown99b1.png]
[phongskitchen.weebly.com/files/main_style99b1.css]
[cdn2.editmysite.com/fonts/Quattrocento_Sans/regular.woff2]
[cdn2.editmysite.com/fonts/Quattrocento_Sans/regular.woff]
[cdn2.editmysite.com/fonts/Quattrocento_Sans/regular.eot]
[cdn2.editmysite.com/fonts/Quattrocento_Sans/regulard41d.eot]
[cdn2.editmysite.com/fonts/Quattrocento_Sans/italic.woff2]
[cdn2.editmysite.com/fonts/Quattrocento_Sans/regular.ttf]
[cdn2.editmysite.com/fonts/Quattrocento_Sans/italic.eot]
[cdn2.editmysite.com/fonts/Quattrocento_Sans/italic.woff]
[cdn2.editmysite.com/fonts/Quattrocento_Sans/italicd41d.eot]
[cdn2.editmysite.com/fonts/Quattrocento_Sans/bold.woff2]
[cdn2.editmysite.com/fonts/Quattrocento_Sans/italic.ttf]
[cdn2.editmysite.com/fonts/Quattrocento_Sans/bold.eot]
[cdn2.editmysite.com/fonts/Quattrocento_Sans/bold.woff]
[cdn2.editmysite.com/fonts/Quattrocento_Sans/boldd41d.eot]
[cdn2.editmysite.com/fonts/Quattrocento_Sans/bolditalic.woff2]
[cdn2.editmysite.com/fonts/Quattrocento_Sans/bold.ttf]
[cdn2.editmysite.com/fonts/Quattrocento_Sans/bolditalic.woff]
[cdn2.editmysite.com/fonts/Quattrocento_Sans/bolditalic.eot]
[cdn2.editmysite.com/fonts/Quattrocento_Sans/fontc81e.css]
[cdn2.editmysite.com/fonts/Quattrocento_Sans/bolditalicd41d.eot]
[cdn2.editmysite.com/fonts/Quattrocento/regular.woff2]
[cdn2.editmysite.com/fonts/Quattrocento_Sans/bolditalic.ttf]
[cdn2.editmysite.com/fonts/Quattrocento/regular.eot]
[cdn2.editmysite.com/fonts/Quattrocento/regular.woff]
[cdn2.editmysite.com/fonts/Quattrocento/regulard41d.eot]
[cdn2.editmysite.com/fonts/Quattrocento/bold.woff2]
[cdn2.editmysite.com/fonts/Quattrocento/bold.eot]
[cdn2.editmysite.com/fonts/Quattrocento/bold.woff]
[cdn2.editmysite.com/fonts/Quattrocento/regular.ttf]
[cdn2.editmysite.com/fonts/Quattrocento/fontc81e.css]
[cdn2.editmysite.com/fonts/Open_Sans/light.eot]
[cdn2.editmysite.com/fonts/Quattrocento/boldd41d.eot]
[cdn2.editmysite.com/fonts/Open_Sans/light.woff2]
[cdn2.editmysite.com/fonts/Open_Sans/lightd41d.eot]
[cdn2.editmysite.com/fonts/Open_Sans/light.woff]
[cdn2.editmysite.com/fonts/Quattrocento/bold.ttf]
[cdn2.editmysite.com/fonts/Open_Sans/regular.woff2]
[cdn2.editmysite.com/fonts/Open_Sans/regular.eot]
[cdn2.editmysite.com/fonts/Open_Sans/light.ttf]
[cdn2.editmysite.com/fonts/Open_Sans/regular.woff]
[cdn2.editmysite.com/fonts/Open_Sans/regulard41d.eot]
[cdn2.editmysite.com/fonts/Open_Sans/bold.woff2]
[cdn2.editmysite.com/fonts/Open_Sans/bold.eot]
[cdn2.editmysite.com/fonts/Open_Sans/regular.ttf]
[cdn2.editmysite.com/fonts/Open_Sans/bold.woff]
[cdn2.editmysite.com/fonts/Open_Sans/boldd41d.eot]
[cdn2.editmysite.com/fonts/Open_Sans/lightitalic.woff2]
[cdn2.editmysite.com/fonts/Open_Sans/bold.ttf]
[cdn2.editmysite.com/fonts/Open_Sans/lightitalic.woff]
[cdn2.editmysite.com/fonts/Open_Sans/lightitalic.eot]
[cdn2.editmysite.com/fonts/Open_Sans/lightitalicd41d.eot]
[cdn2.editmysite.com/fonts/Open_Sans/italic.woff2]
[cdn2.editmysite.com/fonts/Open_Sans/lightitalic.ttf]
[cdn2.editmysite.com/fonts/Open_Sans/italic.woff]
[cdn2.editmysite.com/fonts/Open_Sans/italic.eot]
[cdn2.editmysite.com/fonts/Open_Sans/italicd41d.eot]
[cdn2.editmysite.com/fonts/Open_Sans/bolditalic.woff2]
[cdn2.editmysite.com/fonts/Open_Sans/italic.ttf]
[cdn2.editmysite.com/fonts/Open_Sans/bolditalic.woff]
[cdn2.editmysite.com/fonts/Open_Sans/bolditalic.eot]
[cdn2.editmysite.com/fonts/Open_Sans/fontc81e.css]
[phongskitchen.weebly.com/files/templateArtifacts99b1.js]
[phongskitchen.weebly.com/uploads/1/4/4/6/144678996/published/img-3978-1aaa4.jpg]
[cdn2.editmysite.com/fonts/Open_Sans/bolditalicd41d.eot]
[phongskitchen.weebly.com/uploads/1/4/4/6/144678996/published/b8e0afdf-6c86-4fc9-8018-986ebf8d40000f5c.jpg]
[phongskitchen.weebly.com/viet-cookbook.html]
[phongskitchen.weebly.com/uploads/1/4/4/6/144678996/editor/img-0827f570.jpg]
[cdn2.editmysite.com/fonts/Open_Sans/bolditalic.ttf]
[phongskitchen.weebly.com/about.html]
